// Jest Snapshot v1, https://goo.gl/fbAQLP

exports[`test in GifApp should component OK 1`] = `
<Fragment>
  <h2>
    Gif App
  </h2>
  <hr />
  <AddCategory
    setCategories={[Function]}
  />
  <ol />
</Fragment>
`;
